// Jest Snapshot v1, https://goo.gl/fbAQLP

exports[`typescript support should return 2 violations 1`] = `
"Resolving configs...
Linting folder structure...
Found 4 violations

DISALLOWED IMPORTS: The following imports are disallowed in /modules/utils.ts
- react

DISALLOWED IMPORTS: The following imports are disallowed in /modules/transactions/sagas.ts
- /components/TxModal
- /components/TxSuccessModal
Business logic should never import UI components

DISALLOWED IMPORTS: The following imports are disallowed in /store.ts
- react

DISALLOWED IMPORTS: The following imports are disallowed in /components/shared/Button.ts
- /components/TxSuccessModal
"
`;
